Archive member included to satisfy reference by file (symbol)

/home/silvere/Ac6/SystemWorkbench/plugins/fr.ac6.mcu.externaltools.arm-none.linux64_1.17.0.201812190825/tools/compiler/bin/../lib/gcc/arm-none-eabi/7.3.1/../../../../arm-none-eabi/lib/thumb/v7-m/libc.a(lib_a-errno.o)
                              src/syscalls.o (__errno)
/home/silvere/Ac6/SystemWorkbench/plugins/fr.ac6.mcu.externaltools.arm-none.linux64_1.17.0.201812190825/tools/compiler/bin/../lib/gcc/arm-none-eabi/7.3.1/../../../../arm-none-eabi/lib/thumb/v7-m/libc.a(lib_a-exit.o)
                              /home/silvere/Ac6/SystemWorkbench/plugins/fr.ac6.mcu.externaltools.arm-none.linux64_1.17.0.201812190825/tools/compiler/bin/../lib/gcc/arm-none-eabi/7.3.1/../../../../arm-none-eabi/lib/thumb/v7-m/crt0.o (exit)
/home/silvere/Ac6/SystemWorkbench/plugins/fr.ac6.mcu.externaltools.arm-none.linux64_1.17.0.201812190825/tools/compiler/bin/../lib/gcc/arm-none-eabi/7.3.1/../../../../arm-none-eabi/lib/thumb/v7-m/libc.a(lib_a-impure.o)
                              /home/silvere/Ac6/SystemWorkbench/plugins/fr.ac6.mcu.externaltools.arm-none.linux64_1.17.0.201812190825/tools/compiler/bin/../lib/gcc/arm-none-eabi/7.3.1/../../../../arm-none-eabi/lib/thumb/v7-m/libc.a(lib_a-exit.o) (_global_impure_ptr)
/home/silvere/Ac6/SystemWorkbench/plugins/fr.ac6.mcu.externaltools.arm-none.linux64_1.17.0.201812190825/tools/compiler/bin/../lib/gcc/arm-none-eabi/7.3.1/../../../../arm-none-eabi/lib/thumb/v7-m/libc.a(lib_a-init.o)
                              /home/silvere/Ac6/SystemWorkbench/plugins/fr.ac6.mcu.externaltools.arm-none.linux64_1.17.0.201812190825/tools/compiler/bin/../lib/gcc/arm-none-eabi/7.3.1/../../../../arm-none-eabi/lib/thumb/v7-m/crt0.o (__libc_init_array)
/home/silvere/Ac6/SystemWorkbench/plugins/fr.ac6.mcu.externaltools.arm-none.linux64_1.17.0.201812190825/tools/compiler/bin/../lib/gcc/arm-none-eabi/7.3.1/../../../../arm-none-eabi/lib/thumb/v7-m/libc.a(lib_a-memcpy.o)
                              Third_party/FreeRTOS/org/Source/queue.o (memcpy)
/home/silvere/Ac6/SystemWorkbench/plugins/fr.ac6.mcu.externaltools.arm-none.linux64_1.17.0.201812190825/tools/compiler/bin/../lib/gcc/arm-none-eabi/7.3.1/../../../../arm-none-eabi/lib/thumb/v7-m/libc.a(lib_a-memset.o)
                              /home/silvere/Ac6/SystemWorkbench/plugins/fr.ac6.mcu.externaltools.arm-none.linux64_1.17.0.201812190825/tools/compiler/bin/../lib/gcc/arm-none-eabi/7.3.1/../../../../arm-none-eabi/lib/thumb/v7-m/crt0.o (memset)
/home/silvere/Ac6/SystemWorkbench/plugins/fr.ac6.mcu.externaltools.arm-none.linux64_1.17.0.201812190825/tools/compiler/bin/../lib/gcc/arm-none-eabi/7.3.1/../../../../arm-none-eabi/lib/thumb/v7-m/libc.a(lib_a-strlen-stub.o)
                              Drivers/src/uart.o (strlen)
/home/silvere/Ac6/SystemWorkbench/plugins/fr.ac6.mcu.externaltools.arm-none.linux64_1.17.0.201812190825/tools/compiler/bin/../lib/gcc/arm-none-eabi/7.3.1/../../../../arm-none-eabi/lib/thumb/v7-m/libc.a(lib_a-strncasecmp.o)
                              src/main.o (strncasecmp)
/home/silvere/Ac6/SystemWorkbench/plugins/fr.ac6.mcu.externaltools.arm-none.linux64_1.17.0.201812190825/tools/compiler/bin/../lib/gcc/arm-none-eabi/7.3.1/../../../../arm-none-eabi/lib/thumb/v7-m/libc.a(lib_a-__call_atexit.o)
                              /home/silvere/Ac6/SystemWorkbench/plugins/fr.ac6.mcu.externaltools.arm-none.linux64_1.17.0.201812190825/tools/compiler/bin/../lib/gcc/arm-none-eabi/7.3.1/../../../../arm-none-eabi/lib/thumb/v7-m/libc.a(lib_a-exit.o) (__call_exitprocs)
/home/silvere/Ac6/SystemWorkbench/plugins/fr.ac6.mcu.externaltools.arm-none.linux64_1.17.0.201812190825/tools/compiler/bin/../lib/gcc/arm-none-eabi/7.3.1/../../../../arm-none-eabi/lib/thumb/v7-m/libc.a(lib_a-atexit.o)
                              /home/silvere/Ac6/SystemWorkbench/plugins/fr.ac6.mcu.externaltools.arm-none.linux64_1.17.0.201812190825/tools/compiler/bin/../lib/gcc/arm-none-eabi/7.3.1/../../../../arm-none-eabi/lib/thumb/v7-m/libc.a(lib_a-__call_atexit.o) (atexit)
/home/silvere/Ac6/SystemWorkbench/plugins/fr.ac6.mcu.externaltools.arm-none.linux64_1.17.0.201812190825/tools/compiler/bin/../lib/gcc/arm-none-eabi/7.3.1/../../../../arm-none-eabi/lib/thumb/v7-m/libc.a(lib_a-fini.o)
                              /home/silvere/Ac6/SystemWorkbench/plugins/fr.ac6.mcu.externaltools.arm-none.linux64_1.17.0.201812190825/tools/compiler/bin/../lib/gcc/arm-none-eabi/7.3.1/../../../../arm-none-eabi/lib/thumb/v7-m/libc.a(lib_a-__call_atexit.o) (__libc_fini_array)
/home/silvere/Ac6/SystemWorkbench/plugins/fr.ac6.mcu.externaltools.arm-none.linux64_1.17.0.201812190825/tools/compiler/bin/../lib/gcc/arm-none-eabi/7.3.1/../../../../arm-none-eabi/lib/thumb/v7-m/libc.a(lib_a-locale.o)
[...]
Memory Configuration

Name             Origin             Length             Attributes
FLASH            0x0000000008000000 0x0000000000080000 xr
RAM              0x0000000020000000 0x0000000000014000 xrw
MEMORY_B1        0x0000000060000000 0x0000000000000000 xr
*default*        0x0000000000000000 0xffffffffffffffff

Linker script and memory map

LOAD /home/silvere/Ac6/SystemWorkbench/plugins/fr.ac6.mcu.externaltools.arm-none.linux64_1.17.0.201812190825/tools/compiler/bin/../lib/gcc/arm-none-eabi/7.3.1/thumb/v7-m/crti.o
LOAD /home/silvere/Ac6/SystemWorkbench/plugins/fr.ac6.mcu.externaltools.arm-none.linux64_1.17.0.201812190825/tools/compiler/bin/../lib/gcc/arm-none-eabi/7.3.1/thumb/v7-m/crtbegin.o
LOAD /home/silvere/Ac6/SystemWorkbench/plugins/fr.ac6.mcu.externaltools.arm-none.linux64_1.17.0.201812190825/tools/compiler/bin/../lib/gcc/arm-none-eabi/7.3.1/../../../../arm-none-eabi/lib/thumb/v7-m/crt0.o
LOAD Drivers/src/i2c.o
LOAD Drivers/src/memory.o
LOAD Drivers/src/mpu_9250.o
LOAD Drivers/src/spi.o
LOAD Drivers/src/uart.o
LOAD HAL_Driver/Src/stm32l1xx_hal.o
LOAD HAL_Driver/Src/stm32l1xx_hal_adc.o
LOAD HAL_Driver/Src/stm32l1xx_hal_adc_ex.o
LOAD HAL_Driver/Src/stm32l1xx_hal_comp.o
LOAD HAL_Driver/Src/stm32l1xx_hal_cortex.o
LOAD HAL_Driver/Src/stm32l1xx_hal_crc.o
LOAD HAL_Driver/Src/stm32l1xx_hal_cryp.o
LOAD HAL_Driver/Src/stm32l1xx_hal_cryp_ex.o
LOAD HAL_Driver/Src/stm32l1xx_hal_dac.o
LOAD HAL_Driver/Src/stm32l1xx_hal_dac_ex.o
LOAD HAL_Driver/Src/stm32l1xx_hal_dma.o
LOAD HAL_Driver/Src/stm32l1xx_hal_flash.o
LOAD HAL_Driver/Src/stm32l1xx_hal_flash_ex.o
LOAD HAL_Driver/Src/stm32l1xx_hal_flash_ramfunc.o
LOAD HAL_Driver/Src/stm32l1xx_hal_gpio.o
LOAD HAL_Driver/Src/stm32l1xx_hal_i2c.o
LOAD HAL_Driver/Src/stm32l1xx_hal_i2s.o
LOAD HAL_Driver/Src/stm32l1xx_hal_irda.o
LOAD HAL_Driver/Src/stm32l1xx_hal_iwdg.o
LOAD HAL_Driver/Src/stm32l1xx_hal_lcd.o
LOAD HAL_Driver/Src/stm32l1xx_hal_nor.o
LOAD HAL_Driver/Src/stm32l1xx_hal_opamp.o
LOAD HAL_Driver/Src/stm32l1xx_hal_opamp_ex.o
LOAD HAL_Driver/Src/stm32l1xx_hal_pcd.o
LOAD HAL_Driver/Src/stm32l1xx_hal_pcd_ex.o
LOAD HAL_Driver/Src/stm32l1xx_hal_pwr.o
LOAD HAL_Driver/Src/stm32l1xx_hal_pwr_ex.o
LOAD HAL_Driver/Src/stm32l1xx_hal_rcc.o
LOAD HAL_Driver/Src/stm32l1xx_hal_rcc_ex.o
LOAD HAL_Driver/Src/stm32l1xx_hal_rtc.o
LOAD HAL_Driver/Src/stm32l1xx_hal_rtc_ex.o
LOAD HAL_Driver/Src/stm32l1xx_hal_sd.o
LOAD HAL_Driver/Src/stm32l1xx_hal_smartcard.o
LOAD HAL_Driver/Src/stm32l1xx_hal_spi.o
LOAD HAL_Driver/Src/stm32l1xx_hal_spi_ex.o
LOAD HAL_Driver/Src/stm32l1xx_hal_sram.o
LOAD HAL_Driver/Src/stm32l1xx_hal_tim.o
LOAD HAL_Driver/Src/stm32l1xx_hal_tim_ex.o
LOAD HAL_Driver/Src/stm32l1xx_hal_uart.o
LOAD HAL_Driver/Src/stm32l1xx_hal_usart.o
LOAD HAL_Driver/Src/stm32l1xx_hal_wwdg.o
LOAD HAL_Driver/Src/stm32l1xx_ll_adc.o
LOAD HAL_Driver/Src/stm32l1xx_ll_comp.o
LOAD HAL_Driver/Src/stm32l1xx_ll_crc.o
LOAD HAL_Driver/Src/stm32l1xx_ll_dac.o
LOAD HAL_Driver/Src/stm32l1xx_ll_dma.o
LOAD HAL_Driver/Src/stm32l1xx_ll_exti.o
LOAD HAL_Driver/Src/stm32l1xx_ll_fsmc.o
LOAD HAL_Driver/Src/stm32l1xx_ll_gpio.o
LOAD HAL_Driver/Src/stm32l1xx_ll_i2c.o
LOAD HAL_Driver/Src/stm32l1xx_ll_opamp.o
LOAD HAL_Driver/Src/stm32l1xx_ll_pwr.o
LOAD HAL_Driver/Src/stm32l1xx_ll_rcc.o
LOAD HAL_Driver/Src/stm32l1xx_ll_rtc.o
LOAD HAL_Driver/Src/stm32l1xx_ll_sdmmc.o
LOAD HAL_Driver/Src/stm32l1xx_ll_spi.o
LOAD HAL_Driver/Src/stm32l1xx_ll_tim.o
LOAD HAL_Driver/Src/stm32l1xx_ll_usart.o
LOAD HAL_Driver/Src/stm32l1xx_ll_utils.o
LOAD Third_party/FreeRTOS/org/Source/croutine.o
LOAD Third_party/FreeRTOS/org/Source/event_groups.o
LOAD Third_party/FreeRTOS/org/Source/list.o
LOAD Third_party/FreeRTOS/org/Source/queue.o
LOAD Third_party/FreeRTOS/org/Source/stream_buffer.o
LOAD Third_party/FreeRTOS/org/Source/tasks.o
LOAD Third_party/FreeRTOS/org/Source/timers.o
LOAD Third_party/FreeRTOS/org/Source/portable/GCC/ARM_CM3/port.o
LOAD Third_party/FreeRTOS/org/Source/portable/MemMang/heap_4.o
LOAD Utilities/STM32L1xx_Nucleo/stm32l1xx_nucleo.o
LOAD src/main.o
LOAD src/stm32l1xx_it.o
LOAD src/syscalls.o
LOAD src/system_stm32l1xx.o
LOAD startup/startup_stm32l152xe.o
LOAD /home/silvere/Ac6/SystemWorkbench/plugins/fr.ac6.mcu.externaltools.arm-none.linux64_1.17.0.201812190825/tools/compiler/bin/../lib/gcc/arm-none-eabi/7.3.1/../../../../arm-none-eabi/lib/thumb/v7-m/libm.a
START GROUP
LOAD /home/silvere/Ac6/SystemWorkbench/plugins/fr.ac6.mcu.externaltools.arm-none.linux64_1.17.0.201812190825/tools/compiler/bin/../lib/gcc/arm-none-eabi/7.3.1/thumb/v7-m/libgcc.a
LOAD /home/silvere/Ac6/SystemWorkbench/plugins/fr.ac6.mcu.externaltools.arm-none.linux64_1.17.0.201812190825/tools/compiler/bin/../lib/gcc/arm-none-eabi/7.3.1/../../../../arm-none-eabi/lib/thumb/v7-m/libc.a
END GROUP
LOAD /home/silvere/Ac6/SystemWorkbench/plugins/fr.ac6.mcu.externaltools.arm-none.linux64_1.17.0.201812190825/tools/compiler/bin/../lib/gcc/arm-none-eabi/7.3.1/thumb/v7-m/crtend.o
LOAD /home/silvere/Ac6/SystemWorkbench/plugins/fr.ac6.mcu.externaltools.arm-none.linux64_1.17.0.201812190825/tools/compiler/bin/../lib/gcc/arm-none-eabi/7.3.1/thumb/v7-m/crtn.o
                0x0000000020014000                _estack = 0x20014000
                0x0000000000000200                _Min_Heap_Size = 0x200
                0x0000000000000400                _Min_Stack_Size = 0x400

.isr_vector     0x0000000008000000      0x13c
                0x0000000008000000                . = ALIGN (0x4)
 *(.isr_vector)
 .isr_vector    0x0000000008000000      0x13c startup/startup_stm32l152xe.o
                0x0000000008000000                g_pfnVectors
                0x000000000800013c                . = ALIGN (0x4)

.text           0x0000000008000140     0x30d8
                0x0000000008000140                . = ALIGN (0x4)
 *(.text)
 .text          0x0000000008000140       0x40 /home/silvere/Ac6/SystemWorkbench/plugins/fr.ac6.mcu.externaltools.arm-none.linux64_1.17.0.201812190825/tools/compiler/bin/../lib/gcc/arm-none-eabi/7.3.1/thumb/v7-m/crtbegin.o
 *(.text*)
 .text.i2cSetup
                0x0000000008000180       0x5c Drivers/src/i2c.o
                0x0000000008000180                i2cSetup
 .text.i2cgpioSetup
                0x00000000080001dc       0x40 Drivers/src/i2c.o
                0x00000000080001dc                i2cgpioSetup
 .text.i2cHardwareSetup
                0x000000000800021c       0x4c Drivers/src/i2c.o
                0x000000000800021c                i2cHardwareSetup
 .text.memErase
                0x0000000008000268       0x34 Drivers/src/memory.o
                0x0000000008000268                memErase
 .text.spiSetup
                0x000000000800029c       0x60 Drivers/src/spi.o
                0x000000000800029c                spiSetup
 .text.spiGpioSetup
                0x00000000080002fc       0x4c Drivers/src/spi.o
                0x00000000080002fc                spiGpioSetup
 .text.spiHardwareSetup
                0x0000000008000348       0x4c Drivers/src/spi.o
                0x0000000008000348                spiHardwareSetup
 .text.spiDevConfig
                0x0000000008000394       0x44 Drivers/src/spi.o
                0x0000000008000394                spiDevConfig
 .text.SPI1_IRQHandler
                0x00000000080003d8        0xc Drivers/src/spi.o
                0x00000000080003d8                SPI1_IRQHandler
 .text.uartSetup
                0x00000000080003e4       0x54 Drivers/src/uart.o
                0x00000000080003e4                uartSetup
 .text.uartGpioSetup
                0x0000000008000438       0x74 Drivers/src/uart.o
                0x0000000008000438                uartGpioSetup
 .text.uartHardwareSetup
                0x00000000080004ac       0x4c Drivers/src/uart.o
                0x00000000080004ac                uartHardwareSetup
 .text.uartDevConfig
                0x00000000080004f8       0x64 Drivers/src/uart.o
                0x00000000080004f8                uartDevConfig
 .text.uartSendStr
                0x000000000800055c       0x3e Drivers/src/uart.o
                0x000000000800055c                uartSendStr
 .text.uartSendC
                0x000000000800059a       0x32 Drivers/src/uart.o
                0x000000000800059a                uartSendC
 .text.USART2_IRQHandler
                0x00000000080005cc       0x6c Drivers/src/uart.o
                0x00000000080005cc                USART2_IRQHandler
 .text.NVIC_GetPriorityGrouping
                0x0000000008000638       0x1c HAL_Driver/Src/stm32l1xx_hal_cortex.o
 .text.NVIC_EnableIRQ
                0x0000000008000654       0x30 HAL_Driver/Src/stm32l1xx_hal_cortex.o
 .text.NVIC_SetPriority
                0x0000000008000684       0x54 HAL_Driver/Src/stm32l1xx_hal_cortex.o
 .text.NVIC_EncodePriority
                0x00000000080006d8       0x64 HAL_Driver/Src/stm32l1xx_hal_cortex.o
 .text.HAL_NVIC_SetPriority
                0x000000000800073c       0x38 HAL_Driver/Src/stm32l1xx_hal_cortex.o
                0x000000000800073c                HAL_NVIC_SetPriority
 .text.HAL_NVIC_EnableIRQ
                0x0000000008000774       0x1c HAL_Driver/Src/stm32l1xx_hal_cortex.o
                0x0000000008000774                HAL_NVIC_EnableIRQ
 .text.HAL_GPIO_Init
                0x0000000008000790      0x31c HAL_Driver/Src/stm32l1xx_hal_gpio.o
                0x0000000008000790                HAL_GPIO_Init
 .text.HAL_GPIO_WritePin
                0x0000000008000aac       0x30 HAL_Driver/Src/stm32l1xx_hal_gpio.o
                0x0000000008000aac                HAL_GPIO_WritePin
 .text.HAL_GPIO_TogglePin
                0x0000000008000adc       0x22 HAL_Driver/Src/stm32l1xx_hal_gpio.o
                0x0000000008000adc                HAL_GPIO_TogglePin
 *fill*         0x0000000008000afe        0x2 
 .text.HAL_I2C_Init
                0x0000000008000b00      0x220 HAL_Driver/Src/stm32l1xx_hal_i2c.o
                0x0000000008000b00                HAL_I2C_Init
 .text.HAL_I2C_MspInit
                0x0000000008000d20       0x12 HAL_Driver/Src/stm32l1xx_hal_i2c.o
                0x0000000008000d20                HAL_I2C_MspInit
 *fill*         0x0000000008000d32        0x2 
 .text.HAL_RCC_DeInit
                0x0000000008000d34       0xa0 HAL_Driver/Src/stm32l1xx_hal_rcc.o
                0x0000000008000d34                HAL_RCC_DeInit
 .text.HAL_RCC_GetHCLKFreq
                0x0000000008000dd4       0x14 HAL_Driver/Src/stm32l1xx_hal_rcc.o
                0x0000000008000dd4                HAL_RCC_GetHCLKFreq
 .text.HAL_RCC_GetPCLK1Freq
                0x0000000008000de8       0x44 HAL_Driver/Src/stm32l1xx_hal_rcc.o
                0x0000000008000de8                HAL_RCC_GetPCLK1Freq
 .text.HAL_RCC_GetPCLK2Freq
                0x0000000008000e2c       0x44 HAL_Driver/Src/stm32l1xx_hal_rcc.o
                0x0000000008000e2c                HAL_RCC_GetPCLK2Freq
 .text.HAL_SPI_MspInit
                0x0000000008000e70       0x12 HAL_Driver/Src/stm32l1xx_hal_spi.o
                0x0000000008000e70                HAL_SPI_MspInit
 .text.HAL_SPI_Init
                0x0000000008000e82       0xcc HAL_Driver/Src/stm32l1xx_hal_spi_ex.o
                0x0000000008000e82                HAL_SPI_Init
 .text.HAL_UART_Init
                0x0000000008000f4e       0x92 HAL_Driver/Src/stm32l1xx_hal_uart.o
                0x0000000008000f4e                HAL_UART_Init
 .text.HAL_UART_MspInit
                0x0000000008000fe0       0x12 HAL_Driver/Src/stm32l1xx_hal_uart.o
                0x0000000008000fe0                HAL_UART_MspInit
 *fill*         0x0000000008000ff2        0x2 
 .text.UART_SetConfig
                0x0000000008000ff4      0x400 HAL_Driver/Src/stm32l1xx_hal_uart.o
 .text.vListInitialise
                0x00000000080013f4       0x3e Third_party/FreeRTOS/org/Source/list.o
                0x00000000080013f4                vListInitialise
 .text.vListInitialiseItem
                0x0000000008001432       0x18 Third_party/FreeRTOS/org/Source/list.o
                0x0000000008001432                vListInitialiseItem
 .text.vListInsert
                0x000000000800144a       0x70 Third_party/FreeRTOS/org/Source/list.o
                0x000000000800144a                vListInsert
 .text.uxListRemove
                0x00000000080014ba       0x52 Third_party/FreeRTOS/org/Source/list.o
                0x00000000080014ba                uxListRemove
 .text.xTaskCreate
                0x000000000800150c       0x82 Third_party/FreeRTOS/org/Source/tasks.o
                0x000000000800150c                xTaskCreate
 .text.prvInitialiseNewTask
                0x000000000800158e      0x10c Third_party/FreeRTOS/org/Source/tasks.o
 *fill*         0x000000000800169a        0x2 
 .text.prvAddNewTaskToReadyList
                0x000000000800169c      0x12c Third_party/FreeRTOS/org/Source/tasks.o
 .text.vTaskDelay
                0x00000000080017c8       0x48 Third_party/FreeRTOS/org/Source/tasks.o
                0x00000000080017c8                vTaskDelay
 .text.vTaskStartScheduler
                0x0000000008001810       0x74 Third_party/FreeRTOS/org/Source/tasks.o
                0x0000000008001810                vTaskStartScheduler
 .text.vTaskSuspendAll
                0x0000000008001884       0x1c Third_party/FreeRTOS/org/Source/tasks.o
                0x0000000008001884                vTaskSuspendAll
 .text.prvGetExpectedIdleTime
                0x00000000080018a0       0x74 Third_party/FreeRTOS/org/Source/tasks.o
 .text.xTaskResumeAll
                0x0000000008001914      0x1d8 Third_party/FreeRTOS/org/Source/tasks.o
                0x0000000008001914                xTaskResumeAll
 .text.vTaskStepTick
                0x0000000008001aec       0x24 Third_party/FreeRTOS/org/Source/tasks.o
                0x0000000008001aec                vTaskStepTick
 .text.xTaskIncrementTick
                0x0000000008001b10      0x20c Third_party/FreeRTOS/org/Source/tasks.o
                0x0000000008001b10                xTaskIncrementTick
 .text.vTaskSwitchContext
                0x0000000008001d1c       0x8c Third_party/FreeRTOS/org/Source/tasks.o
                0x0000000008001d1c                vTaskSwitchContext
 .text.prvIdleTask
                0x0000000008001da8       0x54 Third_party/FreeRTOS/org/Source/tasks.o
 .text.eTaskConfirmSleepModeStatus
                0x0000000008001dfc       0x6c Third_party/FreeRTOS/org/Source/tasks.o
                0x0000000008001dfc                eTaskConfirmSleepModeStatus
 .text.prvInitialiseTaskLists
                0x0000000008001e68       0x80 Third_party/FreeRTOS/org/Source/tasks.o
 .text.prvCheckTasksWaitingTermination
                0x0000000008001ee8       0x58 Third_party/FreeRTOS/org/Source/tasks.o
 .text.prvDeleteTCB
                0x0000000008001f40       0x20 Third_party/FreeRTOS/org/Source/tasks.o
 .text.prvResetNextTaskUnblockTime
                0x0000000008001f60       0x34 Third_party/FreeRTOS/org/Source/tasks.o
 .text.xTaskGenericNotify
                0x0000000008001f94      0x1d4 Third_party/FreeRTOS/org/Source/tasks.o
                0x0000000008001f94                xTaskGenericNotify
 .text.prvAddCurrentTaskToDelayedList
                0x0000000008002168      0x100 Third_party/FreeRTOS/org/Source/tasks.o
 .text.pxPortInitialiseStack
                0x0000000008002268       0x58 Third_party/FreeRTOS/org/Source/portable/GCC/ARM_CM3/port.o
                0x0000000008002268                pxPortInitialiseStack
 .text.prvTaskExitError
                0x00000000080022c0       0x2e Third_party/FreeRTOS/org/Source/portable/GCC/ARM_CM3/port.o
 *fill*         0x00000000080022ee        0x2 
 .text.SVC_Handler
                0x00000000080022f0       0x28 Third_party/FreeRTOS/org/Source/portable/GCC/ARM_CM3/port.o
                0x00000000080022f0                SVC_Handler
 .text.prvPortStartFirstTask
                0x0000000008002318       0x24 Third_party/FreeRTOS/org/Source/portable/GCC/ARM_CM3/port.o
 .text.xPortStartScheduler
                0x000000000800233c       0x40 Third_party/FreeRTOS/org/Source/portable/GCC/ARM_CM3/port.o
                0x000000000800233c                xPortStartScheduler
 .text.vPortEnterCritical
                0x000000000800237c       0x30 Third_party/FreeRTOS/org/Source/portable/GCC/ARM_CM3/port.o
                0x000000000800237c                vPortEnterCritical
 .text.vPortExitCritical
                0x00000000080023ac       0x30 Third_party/FreeRTOS/org/Source/portable/GCC/ARM_CM3/port.o
                0x00000000080023ac                vPortExitCritical
 *fill*         0x00000000080023dc        0x4 
 .text.PendSV_Handler
                0x00000000080023e0       0x48 Third_party/FreeRTOS/org/Source/portable/GCC/ARM_CM3/port.o
                0x00000000080023e0                PendSV_Handler
 .text.SysTick_Handler
                0x0000000008002428       0x40 Third_party/FreeRTOS/org/Source/portable/GCC/ARM_CM3/port.o
                0x0000000008002428                SysTick_Handler
 .text.vPortSuppressTicksAndSleep
                0x0000000008002468      0x188 Third_party/FreeRTOS/org/Source/portable/GCC/ARM_CM3/port.o
                0x0000000008002468                vPortSuppressTicksAndSleep
 .text.vPortSetupTimerInterrupt
                0x00000000080025f0       0x78 Third_party/FreeRTOS/org/Source/portable/GCC/ARM_CM3/port.o
                0x00000000080025f0                vPortSetupTimerInterrupt
 .text.pvPortMalloc
                0x0000000008002668      0x15c Third_party/FreeRTOS/org/Source/portable/MemMang/heap_4.o
                0x0000000008002668                pvPortMalloc
 .text.vPortFree
                0x00000000080027c4       0x80 Third_party/FreeRTOS/org/Source/portable/MemMang/heap_4.o
                0x00000000080027c4                vPortFree
 .text.prvHeapInit
                0x0000000008002844       0xc4 Third_party/FreeRTOS/org/Source/portable/MemMang/heap_4.o
 .text.prvInsertBlockIntoFreeList
                0x0000000008002908       0xb0 Third_party/FreeRTOS/org/Source/portable/MemMang/heap_4.o
 .text.main     0x00000000080029b8       0x9c src/main.o
                0x00000000080029b8                main
 .text.vLedTaskHandler
                0x0000000008002a54       0x7c src/main.o
                0x0000000008002a54                vLedTaskHandler
 .text.vUartCmdTaskHandler
                0x0000000008002ad0       0x14 src/main.o
                0x0000000008002ad0                vUartCmdTaskHandler
 .text.vUartHandleCmd
                0x0000000008002ae4      0x260 src/main.o
                0x0000000008002ae4                vUartHandleCmd
 .text.SystemInit
                0x0000000008002d44       0x68 src/system_stm32l1xx.o
                0x0000000008002d44                SystemInit
 .text.SystemCoreClockUpdate
                0x0000000008002dac      0x154 src/system_stm32l1xx.o
                0x0000000008002dac                SystemCoreClockUpdate
 .text.Reset_Handler
                0x0000000008002f00       0x48 startup/startup_stm32l152xe.o
                0x0000000008002f00                Reset_Handler
 .text.Default_Handler
                0x0000000008002f48        0x2 startup/startup_stm32l152xe.o
                0x0000000008002f48                RTC_Alarm_IRQHandler
                0x0000000008002f48                EXTI2_IRQHandler
                0x0000000008002f48                COMP_ACQ_IRQHandler
                0x0000000008002f48                DebugMon_Handler
                0x0000000008002f48                HardFault_Handler
                0x0000000008002f48                TIM10_IRQHandler
                0x0000000008002f48                USB_HP_IRQHandler
                0x0000000008002f48                TIM6_IRQHandler
                0x0000000008002f48                PVD_IRQHandler
                0x0000000008002f48                NMI_Handler
                0x0000000008002f48                EXTI3_IRQHandler
                0x0000000008002f48                EXTI0_IRQHandler
                0x0000000008002f48                I2C2_EV_IRQHandler
                0x0000000008002f48                UsageFault_Handler
                0x0000000008002f48                USB_FS_WKUP_IRQHandler
                0x0000000008002f48                DMA2_Channel2_IRQHandler
                0x0000000008002f48                DMA1_Channel4_IRQHandler
                0x0000000008002f48                ADC1_IRQHandler
                0x0000000008002f48                USART3_IRQHandler
                0x0000000008002f48                DMA1_Channel7_IRQHandler
                0x0000000008002f48                LCD_IRQHandler
                0x0000000008002f48                UART5_IRQHandler
                0x0000000008002f48                TIM4_IRQHandler
                0x0000000008002f48                DMA2_Channel1_IRQHandler
                0x0000000008002f48                I2C1_EV_IRQHandler
                0x0000000008002f48                DMA1_Channel6_IRQHandler
                0x0000000008002f48                UART4_IRQHandler
                0x0000000008002f48                DMA2_Channel4_IRQHandler
                0x0000000008002f48                TIM3_IRQHandler
                0x0000000008002f48                RCC_IRQHandler
                0x0000000008002f48                DMA1_Channel1_IRQHandler
                0x0000000008002f48                Default_Handler
                0x0000000008002f48                EXTI15_10_IRQHandler
                0x0000000008002f48                TIM7_IRQHandler
                0x0000000008002f48                TIM5_IRQHandler
                0x0000000008002f48                EXTI9_5_IRQHandler
                0x0000000008002f48                TIM9_IRQHandler
                0x0000000008002f48                TAMPER_STAMP_IRQHandler
                0x0000000008002f48                RTC_WKUP_IRQHandler
                0x0000000008002f48                SPI2_IRQHandler
                0x0000000008002f48                MemManage_Handler
                0x0000000008002f48                DMA2_Channel5_IRQHandler
                0x0000000008002f48                DMA1_Channel5_IRQHandler
                0x0000000008002f48                USB_LP_IRQHandler
                0x0000000008002f48                EXTI4_IRQHandler
                0x0000000008002f48                DMA1_Channel3_IRQHandler
                0x0000000008002f48                COMP_IRQHandler
                0x0000000008002f48                WWDG_IRQHandler
                0x0000000008002f48                TIM2_IRQHandler
                0x0000000008002f48                DAC_IRQHandler
                0x0000000008002f48                EXTI1_IRQHandler
                0x0000000008002f48                TIM11_IRQHandler
                0x0000000008002f48                I2C2_ER_IRQHandler
                0x0000000008002f48                DMA1_Channel2_IRQHandler
                0x0000000008002f48                FLASH_IRQHandler
                0x0000000008002f48                BusFault_Handler
                0x0000000008002f48                USART1_IRQHandler
                0x0000000008002f48                SPI3_IRQHandler
                0x0000000008002f48                I2C1_ER_IRQHandler
                0x0000000008002f48                DMA2_Channel3_IRQHandler
 *fill*         0x0000000008002f4a        0x2 
 .text.__libc_init_array
                0x0000000008002f4c       0x48 /home/silvere/Ac6/SystemWorkbench/plugins/fr.ac6.mcu.externaltools.arm-none.linux64_1.17.0.201812190825/tools/compiler/bin/../lib/gcc/arm-none-eabi/7.3.1/../../../../arm-none-eabi/lib/thumb/v7-m/libc.a(lib_a-init.o)
                0x0000000008002f4c                __libc_init_array
 .text.memset   0x0000000008002f94       0x94 /home/silvere/Ac6/SystemWorkbench/plugins/fr.ac6.mcu.externaltools.arm-none.linux64_1.17.0.201812190825/tools/compiler/bin/../lib/gcc/arm-none-eabi/7.3.1/../../../../arm-none-eabi/lib/thumb/v7-m/libc.a(lib_a-memset.o)
                0x0000000008002f94                memset
 .text.strncasecmp
                0x0000000008003028       0x5c /home/silvere/Ac6/SystemWorkbench/plugins/fr.ac6.mcu.externaltools.arm-none.linux64_1.17.0.201812190825/tools/compiler/bin/../lib/gcc/arm-none-eabi/7.3.1/../../../../arm-none-eabi/lib/thumb/v7-m/libc.a(lib_a-strncasecmp.o)
                0x0000000008003028                strncasecmp
 .text.startup.register_fini
                0x0000000008003084       0x14 /home/silvere/Ac6/SystemWorkbench/plugins/fr.ac6.mcu.externaltools.arm-none.linux64_1.17.0.201812190825/tools/compiler/bin/../lib/gcc/arm-none-eabi/7.3.1/../../../../arm-none-eabi/lib/thumb/v7-m/libc.a(lib_a-__call_atexit.o)
 .text.atexit   0x0000000008003098        0xc /home/silvere/Ac6/SystemWorkbench/plugins/fr.ac6.mcu.externaltools.arm-none.linux64_1.17.0.201812190825/tools/compiler/bin/../lib/gcc/arm-none-eabi/7.3.1/../../../../arm-none-eabi/lib/thumb/v7-m/libc.a(lib_a-atexit.o)
                0x0000000008003098                atexit
 .text.__libc_fini_array
                0x00000000080030a4       0x34 /home/silvere/Ac6/SystemWorkbench/plugins/fr.ac6.mcu.externaltools.arm-none.linux64_1.17.0.201812190825/tools/compiler/bin/../lib/gcc/arm-none-eabi/7.3.1/../../../../arm-none-eabi/lib/thumb/v7-m/libc.a(lib_a-fini.o)
                0x00000000080030a4                __libc_fini_array
 .text.__locale_ctype_ptr
                0x00000000080030d8       0x1c /home/silvere/Ac6/SystemWorkbench/plugins/fr.ac6.mcu.externaltools.arm-none.linux64_1.17.0.201812190825/tools/compiler/bin/../lib/gcc/arm-none-eabi/7.3.1/../../../../arm-none-eabi/lib/thumb/v7-m/libc.a(lib_a-locale.o)
                0x00000000080030d8                __locale_ctype_ptr
 .text.__retarget_lock_acquire_recursive
                0x00000000080030f4        0x4 /home/silvere/Ac6/SystemWorkbench/plugins/fr.ac6.mcu.externaltools.arm-none.linux64_1.17.0.201812190825/tools/compiler/bin/../lib/gcc/arm-none-eabi/7.3.1/../../../../arm-none-eabi/lib/thumb/v7-m/libc.a(lib_a-lock.o)
                0x00000000080030f4                __retarget_lock_acquire_recursive
 .text.__retarget_lock_release_recursive
                0x00000000080030f8        0x4 /home/silvere/Ac6/SystemWorkbench/plugins/fr.ac6.mcu.externaltools.arm-none.linux64_1.17.0.201812190825/tools/compiler/bin/../lib/gcc/arm-none-eabi/7.3.1/../../../../arm-none-eabi/lib/thumb/v7-m/libc.a(lib_a-lock.o)
                0x00000000080030f8                __retarget_lock_release_recursive
 .text.__ascii_mbtowc
                0x00000000080030fc       0x2c /home/silvere/Ac6/SystemWorkbench/plugins/fr.ac6.mcu.externaltools.arm-none.linux64_1.17.0.201812190825/tools/compiler/bin/../lib/gcc/arm-none-eabi/7.3.1/../../../../arm-none-eabi/lib/thumb/v7-m/libc.a(lib_a-mbtowc_r.o)
                0x00000000080030fc                __ascii_mbtowc
 .text.__ascii_wctomb
                0x0000000008003128       0x18 /home/silvere/Ac6/SystemWorkbench/plugins/fr.ac6.mcu.externaltools.arm-none.linux64_1.17.0.201812190825/tools/compiler/bin/../lib/gcc/arm-none-eabi/7.3.1/../../../../arm-none-eabi/lib/thumb/v7-m/libc.a(lib_a-wctomb_r.o)
                0x0000000008003128                __ascii_wctomb
 .text.__register_exitproc
                0x0000000008003140       0xc0 /home/silvere/Ac6/SystemWorkbench/plugins/fr.ac6.mcu.externaltools.arm-none.linux64_1.17.0.201812190825/tools/compiler/bin/../lib/gcc/arm-none-eabi/7.3.1/../../../../arm-none-eabi/lib/thumb/v7-m/libc.a(lib_a-__atexit.o)
                0x0000000008003140                __register_exitproc
 *(.glue_7)
 .glue_7        0x0000000008003200        0x0 linker stubs
 *(.glue_7t)
 .glue_7t       0x0000000008003200        0x0 linker stubs
 *(.eh_frame)
 .eh_frame      0x0000000008003200        0x0 /home/silvere/Ac6/SystemWorkbench/plugins/fr.ac6.mcu.externaltools.arm-none.linux64_1.17.0.201812190825/tools/compiler/bin/../lib/gcc/arm-none-eabi/7.3.1/thumb/v7-m/crtbegin.o
 *(.init)
 .init          0x0000000008003200        0x4 /home/silvere/Ac6/SystemWorkbench/plugins/fr.ac6.mcu.externaltools.arm-none.linux64_1.17.0.201812190825/tools/compiler/bin/../lib/gcc/arm-none-eabi/7.3.1/thumb/v7-m/crti.o
                0x0000000008003200                _init
 .init          0x0000000008003204        0x8 /home/silvere/Ac6/SystemWorkbench/plugins/fr.ac6.mcu.externaltools.arm-none.linux64_1.17.0.201812190825/tools/compiler/bin/../lib/gcc/arm-none-eabi/7.3.1/thumb/v7-m/crtn.o
 *(.fini)
 .fini          0x000000000800320c        0x4 /home/silvere/Ac6/SystemWorkbench/plugins/fr.ac6.mcu.externaltools.arm-none.linux64_1.17.0.201812190825/tools/compiler/bin/../lib/gcc/arm-none-eabi/7.3.1/thumb/v7-m/crti.o
                0x000000000800320c                _fini
 .fini          0x0000000008003210        0x8 /home/silvere/Ac6/SystemWorkbench/plugins/fr.ac6.mcu.externaltools.arm-none.linux64_1.17.0.201812190825/tools/compiler/bin/../lib/gcc/arm-none-eabi/7.3.1/thumb/v7-m/crtn.o
                0x0000000008003218                . = ALIGN (0x4)
                0x0000000008003218                _etext = .

.vfp11_veneer   0x0000000008003218        0x0
 .vfp11_veneer  0x0000000008003218        0x0 linker stubs

.v4_bx          0x0000000008003218        0x0
 .v4_bx         0x0000000008003218        0x0 linker stubs

.iplt           0x0000000008003218        0x0
 .iplt          0x0000000008003218        0x0 /home/silvere/Ac6/SystemWorkbench/plugins/fr.ac6.mcu.externaltools.arm-none.linux64_1.17.0.201812190825/tools/compiler/bin/../lib/gcc/arm-none-eabi/7.3.1/thumb/v7-m/crtbegin.o

.rodata         0x0000000008003218      0x1ec
                0x0000000008003218                . = ALIGN (0x4)
 *(.rodata)
 .rodata        0x0000000008003218       0x78 Drivers/src/uart.o
 .rodata        0x0000000008003290        0x5 Third_party/FreeRTOS/org/Source/tasks.o
 *fill*         0x0000000008003295        0x3 
 .rodata        0x0000000008003298       0x2a src/main.o
 *fill*         0x00000000080032c2        0x2 
 .rodata        0x00000000080032c4       0x24 src/system_stm32l1xx.o
                0x00000000080032c4                PLLMulTable
                0x00000000080032d0                AHBPrescTable
                0x00000000080032e0                APBPrescTable
 *(.rodata*)
 .rodata._global_impure_ptr
                0x00000000080032e8        0x4 /home/silvere/Ac6/SystemWorkbench/plugins/fr.ac6.mcu.externaltools.arm-none.linux64_1.17.0.201812190825/tools/compiler/bin/../lib/gcc/arm-none-eabi/7.3.1/../../../../arm-none-eabi/lib/thumb/v7-m/libc.a(lib_a-impure.o)
                0x00000000080032e8                _global_impure_ptr
 .rodata._setlocale_r.str1.4
                0x00000000080032ec        0xd /home/silvere/Ac6/SystemWorkbench/plugins/fr.ac6.mcu.externaltools.arm-none.linux64_1.17.0.201812190825/tools/compiler/bin/../lib/gcc/arm-none-eabi/7.3.1/../../../../arm-none-eabi/lib/thumb/v7-m/libc.a(lib_a-locale.o)
 *fill*         0x00000000080032f9        0x3 
 .rodata.str1.4
                0x00000000080032fc        0x4 /home/silvere/Ac6/SystemWorkbench/plugins/fr.ac6.mcu.externaltools.arm-none.linux64_1.17.0.201812190825/tools/compiler/bin/../lib/gcc/arm-none-eabi/7.3.1/../../../../arm-none-eabi/lib/thumb/v7-m/libc.a(lib_a-locale.o)
                                          0x2 (size before relaxing)
 .rodata._ctype_
                0x0000000008003300      0x101 /home/silvere/Ac6/SystemWorkbench/plugins/fr.ac6.mcu.externaltools.arm-none.linux64_1.17.0.201812190825/tools/compiler/bin/../lib/gcc/arm-none-eabi/7.3.1/../../../../arm-none-eabi/lib/thumb/v7-m/libc.a(lib_a-ctype_.o)
                0x0000000008003300                _ctype_
                0x0000000008003404                . = ALIGN (0x4)
 *fill*         0x0000000008003401        0x3 

.rel.dyn        0x0000000008003404        0x0
 .rel.iplt      0x0000000008003404        0x0 /home/silvere/Ac6/SystemWorkbench/plugins/fr.ac6.mcu.externaltools.arm-none.linux64_1.17.0.201812190825/tools/compiler/bin/../lib/gcc/arm-none-eabi/7.3.1/thumb/v7-m/crtbegin.o

.ARM.extab
 *(.ARM.extab* .gnu.linkonce.armextab.*)

.ARM            0x0000000008003404        0x0
                0x0000000008003404                __exidx_start = .
 *(.ARM.exidx*)
                0x0000000008003404                __exidx_end = .

.preinit_array  0x0000000008003404        0x0
                0x0000000008003404                PROVIDE (__preinit_array_start = .)
 *(.preinit_array*)
                0x0000000008003404                PROVIDE (__preinit_array_end = .)

.init_array     0x0000000008003404        0x8
                0x0000000008003404                PROVIDE (__init_array_start = .)
 *(SORT_BY_NAME(.init_array.*))
 .init_array.00000
                0x0000000008003404        0x4 /home/silvere/Ac6/SystemWorkbench/plugins/fr.ac6.mcu.externaltools.arm-none.linux64_1.17.0.201812190825/tools/compiler/bin/../lib/gcc/arm-none-eabi/7.3.1/../../../../arm-none-eabi/lib/thumb/v7-m/libc.a(lib_a-__call_atexit.o)
 *(.init_array*)
 .init_array    0x0000000008003408        0x4 /home/silvere/Ac6/SystemWorkbench/plugins/fr.ac6.mcu.externaltools.arm-none.linux64_1.17.0.201812190825/tools/compiler/bin/../lib/gcc/arm-none-eabi/7.3.1/thumb/v7-m/crtbegin.o
                0x000000000800340c                PROVIDE (__init_array_end = .)

.fini_array     0x000000000800340c        0x4
                0x000000000800340c                PROVIDE (__fini_array_start = .)
 *(SORT_BY_NAME(.fini_array.*))
 *(.fini_array*)
 .fini_array    0x000000000800340c        0x4 /home/silvere/Ac6/SystemWorkbench/plugins/fr.ac6.mcu.externaltools.arm-none.linux64_1.17.0.201812190825/tools/compiler/bin/../lib/gcc/arm-none-eabi/7.3.1/thumb/v7-m/crtbegin.o
                0x0000000008003410                PROVIDE (__fini_array_end = .)
                0x0000000008003410                _sidata = LOADADDR (.data)

.data           0x0000000020000000      0x5d8 load address 0x0000000008003410
                0x0000000020000000                . = ALIGN (0x4)
                0x0000000020000000                _sdata = .
 *(.data)
 .data          0x0000000020000000       0x28 Drivers/src/uart.o
                0x0000000020000000                uartCmdList
 .data          0x0000000020000028        0x4 Third_party/FreeRTOS/org/Source/tasks.o
                0x0000000020000028                uxTopUsedPriority
 .data          0x000000002000002c        0x4 Third_party/FreeRTOS/org/Source/portable/GCC/ARM_CM3/port.o
 .data          0x0000000020000030        0x1 src/main.o
                0x0000000020000030                taskType
 *fill*         0x0000000020000031        0x3 
 .data          0x0000000020000034        0x4 src/system_stm32l1xx.o
                0x0000000020000034                SystemCoreClock
 *(.data*)
 .data._impure_ptr
                0x0000000020000038        0x4 /home/silvere/Ac6/SystemWorkbench/plugins/fr.ac6.mcu.externaltools.arm-none.linux64_1.17.0.201812190825/tools/compiler/bin/../lib/gcc/arm-none-eabi/7.3.1/../../../../arm-none-eabi/lib/thumb/v7-m/libc.a(lib_a-impure.o)
                0x0000000020000038                _impure_ptr
 *fill*         0x000000002000003c        0x4 
 .data.impure_data
                0x0000000020000040      0x428 /home/silvere/Ac6/SystemWorkbench/plugins/fr.ac6.mcu.externaltools.arm-none.linux64_1.17.0.201812190825/tools/compiler/bin/../lib/gcc/arm-none-eabi/7.3.1/../../../../arm-none-eabi/lib/thumb/v7-m/libc.a(lib_a-impure.o)
 .data.__atexit_recursive_mutex
                0x0000000020000468        0x4 /home/silvere/Ac6/SystemWorkbench/plugins/fr.ac6.mcu.externaltools.arm-none.linux64_1.17.0.201812190825/tools/compiler/bin/../lib/gcc/arm-none-eabi/7.3.1/../../../../arm-none-eabi/lib/thumb/v7-m/libc.a(lib_a-__call_atexit.o)
                0x0000000020000468                __atexit_recursive_mutex
 .data.__global_locale
                0x000000002000046c      0x16c /home/silvere/Ac6/SystemWorkbench/plugins/fr.ac6.mcu.externaltools.arm-none.linux64_1.17.0.201812190825/tools/compiler/bin/../lib/gcc/arm-none-eabi/7.3.1/../../../../arm-none-eabi/lib/thumb/v7-m/libc.a(lib_a-locale.o)
                0x000000002000046c                __global_locale
 *(.RamFunc)
                0x00000000200005d8                . = ALIGN (0x4)
                0x00000000200005d8                _edata = .

.igot.plt       0x00000000200005d8        0x0 load address 0x00000000080039e8
 .igot.plt      0x00000000200005d8        0x0 /home/silvere/Ac6/SystemWorkbench/plugins/fr.ac6.mcu.externaltools.arm-none.linux64_1.17.0.201812190825/tools/compiler/bin/../lib/gcc/arm-none-eabi/7.3.1/thumb/v7-m/crtbegin.o
                0x00000000200005d8                . = ALIGN (0x4)

.bss            0x00000000200005d8     0x3af0 load address 0x00000000080039e8
                0x00000000200005d8                _sbss = .
                0x00000000200005d8                __bss_start__ = _sbss
 *(.bss)
 .bss           0x00000000200005d8       0x1c /home/silvere/Ac6/SystemWorkbench/plugins/fr.ac6.mcu.externaltools.arm-none.linux64_1.17.0.201812190825/tools/compiler/bin/../lib/gcc/arm-none-eabi/7.3.1/thumb/v7-m/crtbegin.o
 .bss           0x00000000200005f4        0x1 Drivers/src/uart.o
                0x00000000200005f4                isrCnt
 *fill*         0x00000000200005f5        0x3 
 .bss           0x00000000200005f8      0x104 Third_party/FreeRTOS/org/Source/tasks.o
                0x00000000200005f8                pxCurrentTCB
 .bss           0x00000000200006fc        0xc Third_party/FreeRTOS/org/Source/portable/GCC/ARM_CM3/port.o
 .bss           0x0000000020000708     0x3820 Third_party/FreeRTOS/org/Source/portable/MemMang/heap_4.o
 .bss           0x0000000020003f28       0x18 src/main.o
                0x0000000020003f28                ledDelay
                0x0000000020003f2a                notify
                0x0000000020003f2c                xledTaskHandle
                0x0000000020003f30                xaccTaskHandle
                0x0000000020003f34                xtempTaskHandle
                0x0000000020003f38                xtimerTaskHandle
                0x0000000020003f3c                xuartTaskHandle
 *(.bss*)
 *(COMMON)
 COMMON         0x0000000020003f40       0x7a Drivers/src/i2c.o
                0x0000000020003f40                i2cDev
                0x0000000020003f50                hi2c1
                0x0000000020003fa4                i2cTxBuffer
                0x0000000020003fb0                i2cRxBuffer
 *fill*         0x0000000020003fba        0x2 
 COMMON         0x0000000020003fbc       0x7e Drivers/src/spi.o
                0x0000000020003fbc                spiDev
                0x0000000020003fcc                hspi1
                0x0000000020004024                spiTxBuffer
                0x0000000020004030                spiRxBuffer
 *fill*         0x000000002000403a        0x2 
 COMMON         0x000000002000403c       0x66 Drivers/src/uart.o
                0x000000002000403c                uartRxBuffer
                0x0000000020004048                uartDev
                0x0000000020004058                huart2
                0x0000000020004098                uartTxBuffer
 *fill*         0x00000000200040a2        0x2 
 COMMON         0x00000000200040a4       0x21 /home/silvere/Ac6/SystemWorkbench/plugins/fr.ac6.mcu.externaltools.arm-none.linux64_1.17.0.201812190825/tools/compiler/bin/../lib/gcc/arm-none-eabi/7.3.1/../../../../arm-none-eabi/lib/thumb/v7-m/libc.a(lib_a-lock.o)
                0x00000000200040a4                __lock___atexit_recursive_mutex
                0x00000000200040a8                __lock___arc4random_mutex
                0x00000000200040ac                __lock___env_recursive_mutex
                0x00000000200040b0                __lock___sinit_recursive_mutex
                0x00000000200040b4                __lock___malloc_recursive_mutex
                0x00000000200040b8                __lock___at_quick_exit_mutex
                0x00000000200040bc                __lock___dd_hash_mutex
                0x00000000200040c0                __lock___tz_mutex
                0x00000000200040c4                __lock___sfp_recursive_mutex
                0x00000000200040c8                . = ALIGN (0x4)
 *fill*         0x00000000200040c5        0x3 
                0x00000000200040c8                _ebss = .
                0x00000000200040c8                __bss_end__ = _ebss

._user_heap_stack
                0x00000000200040c8      0x600 load address 0x00000000080039e8
                0x00000000200040c8                . = ALIGN (0x8)
                0x00000000200040c8                PROVIDE (end = .)
                [!provide]                        PROVIDE (_end = .)
                0x00000000200042c8                . = (. + _Min_Heap_Size)
 *fill*         0x00000000200040c8      0x200 
                0x00000000200046c8                . = (. + _Min_Stack_Size)
 *fill*         0x00000000200042c8      0x400 
                0x00000000200046c8                . = ALIGN (0x8)

.memory_b1_text
 *(.mb1text)
 *(.mb1text*)
 *(.mb1rodata)
 *(.mb1rodata*)

/DISCARD/
 libc.a(*)
 libm.a(*)
 libgcc.a(*)

.ARM.attributes
                0x0000000000000000       0x29
 *(.ARM.attributes)
 .ARM.attributes
                0x0000000000000000       0x1d /home/silvere/Ac6/SystemWorkbench/plugins/fr.ac6.mcu.externaltools.arm-none.linux64_1.17.0.201812190825/tools/compiler/bin/../lib/gcc/arm-none-eabi/7.3.1/thumb/v7-m/crti.o
 .ARM.attributes
                0x000000000000001d       0x2d /home/silvere/Ac6/SystemWorkbench/plugins/fr.ac6.mcu.externaltools.arm-none.linux64_1.17.0.201812190825/tools/compiler/bin/../lib/gcc/arm-none-eabi/7.3.1/thumb/v7-m/crtbegin.o
 .ARM.attributes
                0x000000000000004a       0x33 Drivers/src/i2c.o
 .ARM.attributes
                0x000000000000007d       0x33 Drivers/src/memory.o
 .ARM.attributes
                0x00000000000000b0       0x33 Drivers/src/spi.o
 .ARM.attributes
                0x00000000000000e3       0x33 Drivers/src/uart.o
 .ARM.attributes
                0x0000000000000116       0x33 HAL_Driver/Src/stm32l1xx_hal_cortex.o
 .ARM.attributes
                0x0000000000000149       0x33 HAL_Driver/Src/stm32l1xx_hal_gpio.o
 .ARM.attributes
                0x000000000000017c       0x33 HAL_Driver/Src/stm32l1xx_hal_i2c.o
 .ARM.attributes
                0x00000000000001af       0x33 HAL_Driver/Src/stm32l1xx_hal_rcc.o
 .ARM.attributes
                0x00000000000001e2       0x33 HAL_Driver/Src/stm32l1xx_hal_spi.o
 .ARM.attributes
                0x0000000000000215       0x33 HAL_Driver/Src/stm32l1xx_hal_spi_ex.o
 .ARM.attributes
                0x0000000000000248       0x33 HAL_Driver/Src/stm32l1xx_hal_uart.o
 .ARM.attributes
                0x000000000000027b       0x33 Third_party/FreeRTOS/org/Source/list.o
 .ARM.attributes
                0x00000000000002ae       0x33 Third_party/FreeRTOS/org/Source/tasks.o
 .ARM.attributes
                0x00000000000002e1       0x33 Third_party/FreeRTOS/org/Source/portable/GCC/ARM_CM3/port.o
 .ARM.attributes
                0x0000000000000314       0x33 Third_party/FreeRTOS/org/Source/portable/MemMang/heap_4.o
 .ARM.attributes
                0x0000000000000347       0x33 src/main.o
 .ARM.attributes
                0x000000000000037a       0x33 src/system_stm32l1xx.o
 .ARM.attributes
                0x00000000000003ad       0x21 startup/startup_stm32l152xe.o
 .ARM.attributes
                0x00000000000003ce       0x2d /home/silvere/Ac6/SystemWorkbench/plugins/fr.ac6.mcu.externaltools.arm-none.linux64_1.17.0.201812190825/tools/compiler/bin/../lib/gcc/arm-none-eabi/7.3.1/../../../../arm-none-eabi/lib/thumb/v7-m/libc.a(lib_a-impure.o)
 .ARM.attributes
                0x00000000000003fb       0x2d /home/silvere/Ac6/SystemWorkbench/plugins/fr.ac6.mcu.externaltools.arm-none.linux64_1.17.0.201812190825/tools/compiler/bin/../lib/gcc/arm-none-eabi/7.3.1/../../../../arm-none-eabi/lib/thumb/v7-m/libc.a(lib_a-init.o)
 .ARM.attributes
                0x0000000000000428       0x2d /home/silvere/Ac6/SystemWorkbench/plugins/fr.ac6.mcu.externaltools.arm-none.linux64_1.17.0.201812190825/tools/compiler/bin/../lib/gcc/arm-none-eabi/7.3.1/../../../../arm-none-eabi/lib/thumb/v7-m/libc.a(lib_a-memset.o)
 .ARM.attributes
                0x0000000000000455       0x2d /home/silvere/Ac6/SystemWorkbench/plugins/fr.ac6.mcu.externaltools.arm-none.linux64_1.17.0.201812190825/tools/compiler/bin/../lib/gcc/arm-none-eabi/7.3.1/../../../../arm-none-eabi/lib/thumb/v7-m/libc.a(lib_a-strncasecmp.o)
 .ARM.attributes
                0x0000000000000482       0x2d /home/silvere/Ac6/SystemWorkbench/plugins/fr.ac6.mcu.externaltools.arm-none.linux64_1.17.0.201812190825/tools/compiler/bin/../lib/gcc/arm-none-eabi/7.3.1/../../../../arm-none-eabi/lib/thumb/v7-m/libc.a(lib_a-__call_atexit.o)
 .ARM.attributes
                0x00000000000004af       0x2d /home/silvere/Ac6/SystemWorkbench/plugins/fr.ac6.mcu.externaltools.arm-none.linux64_1.17.0.201812190825/tools/compiler/bin/../lib/gcc/arm-none-eabi/7.3.1/../../../../arm-none-eabi/lib/thumb/v7-m/libc.a(lib_a-atexit.o)
 .ARM.attributes
                0x00000000000004dc       0x2d /home/silvere/Ac6/SystemWorkbench/plugins/fr.ac6.mcu.externaltools.arm-none.linux64_1.17.0.201812190825/tools/compiler/bin/../lib/gcc/arm-none-eabi/7.3.1/../../../../arm-none-eabi/lib/thumb/v7-m/libc.a(lib_a-fini.o)
 .ARM.attributes
                0x0000000000000509       0x2d /home/silvere/Ac6/SystemWorkbench/plugins/fr.ac6.mcu.externaltools.arm-none.linux64_1.17.0.201812190825/tools/compiler/bin/../lib/gcc/arm-none-eabi/7.3.1/../../../../arm-none-eabi/lib/thumb/v7-m/libc.a(lib_a-locale.o)
 .ARM.attributes
                0x0000000000000536       0x2d /home/silvere/Ac6/SystemWorkbench/plugins/fr.ac6.mcu.externaltools.arm-none.linux64_1.17.0.201812190825/tools/compiler/bin/../lib/gcc/arm-none-eabi/7.3.1/../../../../arm-none-eabi/lib/thumb/v7-m/libc.a(lib_a-lock.o)
 .ARM.attributes
                0x0000000000000563       0x2d /home/silvere/Ac6/SystemWorkbench/plugins/fr.ac6.mcu.externaltools.arm-none.linux64_1.17.0.201812190825/tools/compiler/bin/../lib/gcc/arm-none-eabi/7.3.1/../../../../arm-none-eabi/lib/thumb/v7-m/libc.a(lib_a-mbtowc_r.o)
 .ARM.attributes
                0x0000000000000590       0x2d /home/silvere/Ac6/SystemWorkbench/plugins/fr.ac6.mcu.externaltools.arm-none.linux64_1.17.0.201812190825/tools/compiler/bin/../lib/gcc/arm-none-eabi/7.3.1/../../../../arm-none-eabi/lib/thumb/v7-m/libc.a(lib_a-wctomb_r.o)
 .ARM.attributes
                0x00000000000005bd       0x2d /home/silvere/Ac6/SystemWorkbench/plugins/fr.ac6.mcu.externaltools.arm-none.linux64_1.17.0.201812190825/tools/compiler/bin/../lib/gcc/arm-none-eabi/7.3.1/../../../../arm-none-eabi/lib/thumb/v7-m/libc.a(lib_a-__atexit.o)
 .ARM.attributes
                0x00000000000005ea       0x2d /home/silvere/Ac6/SystemWorkbench/plugins/fr.ac6.mcu.externaltools.arm-none.linux64_1.17.0.201812190825/tools/compiler/bin/../lib/gcc/arm-none-eabi/7.3.1/../../../../arm-none-eabi/lib/thumb/v7-m/libc.a(lib_a-ctype_.o)
 .ARM.attributes
                0x0000000000000617       0x1d /home/silvere/Ac6/SystemWorkbench/plugins/fr.ac6.mcu.externaltools.arm-none.linux64_1.17.0.201812190825/tools/compiler/bin/../lib/gcc/arm-none-eabi/7.3.1/thumb/v7-m/crtn.o
OUTPUT(Water_level.elf elf32-littlearm)

.debug_info     0x0000000000000000    0x14efb
 .debug_info    0x0000000000000000     0x11ef Drivers/src/i2c.o
 .debug_info    0x00000000000011ef      0x995 Drivers/src/memory.o
 .debug_info    0x0000000000001b84     0x13a1 Drivers/src/spi.o
 .debug_info    0x0000000000002f25     0x1400 Drivers/src/uart.o
 .debug_info    0x0000000000004325     0x157e HAL_Driver/Src/stm32l1xx_hal_cortex.o
 .debug_info    0x00000000000058a3      0xe9c HAL_Driver/Src/stm32l1xx_hal_gpio.o
 .debug_info    0x000000000000673f     0x2693 HAL_Driver/Src/stm32l1xx_hal_i2c.o
 .debug_info    0x0000000000008dd2     0x1dd8 HAL_Driver/Src/stm32l1xx_hal_rcc.o
 .debug_info    0x000000000000abaa     0x1736 HAL_Driver/Src/stm32l1xx_hal_spi.o
 .debug_info    0x000000000000c2e0      0xe41 HAL_Driver/Src/stm32l1xx_hal_spi_ex.o
 .debug_info    0x000000000000d121     0x16ca HAL_Driver/Src/stm32l1xx_hal_uart.o
 .debug_info    0x000000000000e7eb      0xadb Third_party/FreeRTOS/org/Source/list.o
 .debug_info    0x000000000000f2c6     0x268c Third_party/FreeRTOS/org/Source/tasks.o
 .debug_info    0x0000000000011952      0x3b8 Third_party/FreeRTOS/org/Source/portable/GCC/ARM_CM3/port.o
 .debug_info    0x0000000000011d0a      0xc2a Third_party/FreeRTOS/org/Source/portable/MemMang/heap_4.o
 .debug_info    0x0000000000012934     0x1934 src/main.o
 .debug_info    0x0000000000014268      0xc71 src/system_stm32l1xx.o
 .debug_info    0x0000000000014ed9       0x22 startup/startup_stm32l152xe.o

.debug_abbrev   0x0000000000000000     0x2c04
 .debug_abbrev  0x0000000000000000      0x265 Drivers/src/i2c.o
 .debug_abbrev  0x0000000000000265      0x20b Drivers/src/memory.o
 .debug_abbrev  0x0000000000000470      0x27d Drivers/src/spi.o
 .debug_abbrev  0x00000000000006ed      0x293 Drivers/src/uart.o
 .debug_abbrev  0x0000000000000980      0x36b HAL_Driver/Src/stm32l1xx_hal_cortex.o
 .debug_abbrev  0x0000000000000ceb      0x289 HAL_Driver/Src/stm32l1xx_hal_gpio.o
 .debug_abbrev  0x0000000000000f74      0x2de HAL_Driver/Src/stm32l1xx_hal_i2c.o
 .debug_abbrev  0x0000000000001252      0x339 HAL_Driver/Src/stm32l1xx_hal_rcc.o
 .debug_abbrev  0x000000000000158b      0x2fa HAL_Driver/Src/stm32l1xx_hal_spi.o
 .debug_abbrev  0x0000000000001885      0x1ed HAL_Driver/Src/stm32l1xx_hal_spi_ex.o
 .debug_abbrev  0x0000000000001a72      0x2ed HAL_Driver/Src/stm32l1xx_hal_uart.o
 .debug_abbrev  0x0000000000001d5f      0x205 Third_party/FreeRTOS/org/Source/list.o
 .debug_abbrev  0x0000000000001f64      0x386 Third_party/FreeRTOS/org/Source/tasks.o
 .debug_abbrev  0x00000000000022ea      0x214 Third_party/FreeRTOS/org/Source/portable/GCC/ARM_CM3/port.o
 .debug_abbrev  0x00000000000024fe      0x273 Third_party/FreeRTOS/org/Source/portable/MemMang/heap_4.o
 .debug_abbrev  0x0000000000002771      0x27c src/main.o
 .debug_abbrev  0x00000000000029ed      0x205 src/system_stm32l1xx.o
 .debug_abbrev  0x0000000000002bf2       0x12 startup/startup_stm32l152xe.o

.debug_aranges  0x0000000000000000      0xc18
 .debug_aranges
                0x0000000000000000       0x48 Drivers/src/i2c.o
 .debug_aranges
                0x0000000000000048       0x30 Drivers/src/memory.o
 .debug_aranges
                0x0000000000000078       0x50 Drivers/src/spi.o
 .debug_aranges
                0x00000000000000c8       0x68 Drivers/src/uart.o
 .debug_aranges
                0x0000000000000130      0x118 HAL_Driver/Src/stm32l1xx_hal_cortex.o
 .debug_aranges
                0x0000000000000248       0x58 HAL_Driver/Src/stm32l1xx_hal_gpio.o
 .debug_aranges
                0x00000000000002a0      0x268 HAL_Driver/Src/stm32l1xx_hal_i2c.o
 .debug_aranges
                0x0000000000000508       0x90 HAL_Driver/Src/stm32l1xx_hal_rcc.o
 .debug_aranges
                0x0000000000000598      0x150 HAL_Driver/Src/stm32l1xx_hal_spi.o
 .debug_aranges
                0x00000000000006e8       0x20 HAL_Driver/Src/stm32l1xx_hal_spi_ex.o
 .debug_aranges
                0x0000000000000708      0x150 HAL_Driver/Src/stm32l1xx_hal_uart.o
 .debug_aranges
                0x0000000000000858       0x40 Third_party/FreeRTOS/org/Source/list.o
 .debug_aranges
                0x0000000000000898      0x200 Third_party/FreeRTOS/org/Source/tasks.o
 .debug_aranges
                0x0000000000000a98       0x78 Third_party/FreeRTOS/org/Source/portable/GCC/ARM_CM3/port.o
 .debug_aranges
                0x0000000000000b10       0x58 Third_party/FreeRTOS/org/Source/portable/MemMang/heap_4.o
 .debug_aranges
                0x0000000000000b68       0x60 src/main.o
 .debug_aranges
                0x0000000000000bc8       0x28 src/system_stm32l1xx.o
 .debug_aranges
                0x0000000000000bf0       0x28 startup/startup_stm32l152xe.o

.debug_ranges   0x0000000000000000      0xb00
 .debug_ranges  0x0000000000000000       0x38 Drivers/src/i2c.o
 .debug_ranges  0x0000000000000038       0x20 Drivers/src/memory.o
 .debug_ranges  0x0000000000000058       0x40 Drivers/src/spi.o
 .debug_ranges  0x0000000000000098       0x58 Drivers/src/uart.o
 .debug_ranges  0x00000000000000f0      0x108 HAL_Driver/Src/stm32l1xx_hal_cortex.o
 .debug_ranges  0x00000000000001f8       0x48 HAL_Driver/Src/stm32l1xx_hal_gpio.o
 .debug_ranges  0x0000000000000240      0x258 HAL_Driver/Src/stm32l1xx_hal_i2c.o
 .debug_ranges  0x0000000000000498       0x80 HAL_Driver/Src/stm32l1xx_hal_rcc.o
 .debug_ranges  0x0000000000000518      0x140 HAL_Driver/Src/stm32l1xx_hal_spi.o
 .debug_ranges  0x0000000000000658       0x10 HAL_Driver/Src/stm32l1xx_hal_spi_ex.o
 .debug_ranges  0x0000000000000668      0x140 HAL_Driver/Src/stm32l1xx_hal_uart.o
 .debug_ranges  0x00000000000007a8       0x30 Third_party/FreeRTOS/org/Source/list.o
 .debug_ranges  0x00000000000007d8      0x1f0 Third_party/FreeRTOS/org/Source/tasks.o
 .debug_ranges  0x00000000000009c8       0x68 Third_party/FreeRTOS/org/Source/portable/GCC/ARM_CM3/port.o
 .debug_ranges  0x0000000000000a30       0x48 Third_party/FreeRTOS/org/Source/portable/MemMang/heap_4.o
 .debug_ranges  0x0000000000000a78       0x50 src/main.o
 .debug_ranges  0x0000000000000ac8       0x18 src/system_stm32l1xx.o
 .debug_ranges  0x0000000000000ae0       0x20 startup/startup_stm32l152xe.o

.debug_macro    0x0000000000000000    0x1c51e
 .debug_macro   0x0000000000000000      0x505 Drivers/src/i2c.o
 .debug_macro   0x0000000000000505      0xa72 Drivers/src/i2c.o
 .debug_macro   0x0000000000000f77      0x174 Drivers/src/i2c.o
 .debug_macro   0x00000000000010eb       0x22 Drivers/src/i2c.o
 .debug_macro   0x000000000000110d       0x8e Drivers/src/i2c.o
 .debug_macro   0x000000000000119b       0x51 Drivers/src/i2c.o
 .debug_macro   0x00000000000011ec       0xef Drivers/src/i2c.o
 .debug_macro   0x00000000000012db       0x6a Drivers/src/i2c.o
 .debug_macro   0x0000000000001345      0x1df Drivers/src/i2c.o
 .debug_macro   0x0000000000001524      0x12d Drivers/src/i2c.o
 .debug_macro   0x0000000000001651      0x15a Drivers/src/i2c.o
 .debug_macro   0x00000000000017ab       0xdd Drivers/src/i2c.o
 .debug_macro   0x0000000000001888       0x28 Drivers/src/i2c.o
 .debug_macro   0x00000000000018b0       0x1f Drivers/src/i2c.o
 .debug_macro   0x00000000000018cf       0x12 Drivers/src/i2c.o
 .debug_macro   0x00000000000018e1      0x50b Drivers/src/i2c.o
 .debug_macro   0x0000000000001dec       0x28 Drivers/src/i2c.o
 .debug_macro   0x0000000000001e14       0x22 Drivers/src/i2c.o
 .debug_macro   0x0000000000001e36       0x3a Drivers/src/i2c.o
 .debug_macro   0x0000000000001e70       0x34 Drivers/src/i2c.o
 .debug_macro   0x0000000000001ea4      0xcb4 Drivers/src/i2c.o
 .debug_macro   0x0000000000002b58     0xbeb6 Drivers/src/i2c.o
 .debug_macro   0x000000000000ea0e       0x43 Drivers/src/i2c.o
 .debug_macro   0x000000000000ea51      0x106 Drivers/src/i2c.o
 .debug_macro   0x000000000000eb57     0x342b Drivers/src/i2c.o
 .debug_macro   0x0000000000011f82       0x5e Drivers/src/i2c.o
 .debug_macro   0x0000000000011fe0       0x18 Drivers/src/i2c.o
 .debug_macro   0x0000000000011ff8       0x35 Drivers/src/i2c.o
 .debug_macro   0x000000000001202d       0x34 Drivers/src/i2c.o
 .debug_macro   0x0000000000012061       0x16 Drivers/src/i2c.o
 .debug_macro   0x0000000000012077       0x35 Drivers/src/i2c.o
 .debug_macro   0x00000000000120ac      0x330 Drivers/src/i2c.o
 .debug_macro   0x00000000000123dc       0x10 Drivers/src/i2c.o
 .debug_macro   0x00000000000123ec       0x58 Drivers/src/i2c.o
 .debug_macro   0x0000000000012444       0x1f Drivers/src/i2c.o
 .debug_macro   0x0000000000012463       0x43 Drivers/src/i2c.o
 .debug_macro   0x00000000000124a6       0x20 Drivers/src/i2c.o
 .debug_macro   0x00000000000124c6      0x18e Drivers/src/i2c.o
 .debug_macro   0x0000000000012654       0x10 Drivers/src/i2c.o
 .debug_macro   0x0000000000012664       0x1c Drivers/src/i2c.o
 .debug_macro   0x0000000000012680       0x52 Drivers/src/i2c.o
 .debug_macro   0x00000000000126d2       0x40 Drivers/src/i2c.o
 .debug_macro   0x0000000000012712       0x10 Drivers/src/i2c.o
 .debug_macro   0x0000000000012722       0x40 Drivers/src/i2c.o
 .debug_macro   0x0000000000012762       0xd7 Drivers/src/i2c.o
 .debug_macro   0x0000000000012839       0x1c Drivers/src/i2c.o
 .debug_macro   0x0000000000012855       0x3d Drivers/src/i2c.o
 .debug_macro   0x0000000000012892       0x16 Drivers/src/i2c.o
 .debug_macro   0x00000000000128a8      0x16f Drivers/src/i2c.o
 .debug_macro   0x0000000000012a17       0x56 Drivers/src/i2c.o
 .debug_macro   0x0000000000012a6d      0xe3e Drivers/src/i2c.o
 .debug_macro   0x00000000000138ab      0x363 Drivers/src/i2c.o
 .debug_macro   0x0000000000013c0e      0x141 Drivers/src/i2c.o
 .debug_macro   0x0000000000013d4f       0xc6 Drivers/src/i2c.o
 .debug_macro   0x0000000000013e15      0x25d Drivers/src/i2c.o
 .debug_macro   0x0000000000014072      0x23a Drivers/src/i2c.o
 .debug_macro   0x00000000000142ac      0x685 Drivers/src/i2c.o
 .debug_macro   0x0000000000014931      0x16f Drivers/src/i2c.o
 .debug_macro   0x0000000000014aa0      0x1fb Drivers/src/i2c.o
 .debug_macro   0x0000000000014c9b       0xf0 Drivers/src/i2c.o
 .debug_macro   0x0000000000014d8b       0x22 Drivers/src/i2c.o
 .debug_macro   0x0000000000014dad      0x117 Drivers/src/i2c.o
 .debug_macro   0x0000000000014ec4       0xac Drivers/src/i2c.o
 .debug_macro   0x0000000000014f70      0x113 Drivers/src/i2c.o
 .debug_macro   0x0000000000015083      0x56c Drivers/src/i2c.o
 .debug_macro   0x00000000000155ef      0x225 Drivers/src/i2c.o
 .debug_macro   0x0000000000015814      0x199 Drivers/src/i2c.o
 .debug_macro   0x00000000000159ad       0x79 Drivers/src/i2c.o
 .debug_macro   0x0000000000015a26      0x3d7 Drivers/src/i2c.o
 .debug_macro   0x0000000000015dfd      0x129 Drivers/src/i2c.o
 .debug_macro   0x0000000000015f26       0x30 Drivers/src/i2c.o
 .debug_macro   0x0000000000015f56      0x1ed Drivers/src/i2c.o
 .debug_macro   0x0000000000016143       0x22 Drivers/src/i2c.o
 .debug_macro   0x0000000000016165      0x28e Drivers/src/i2c.o
 .debug_macro   0x00000000000163f3      0x5d6 Drivers/src/i2c.o
 .debug_macro   0x00000000000169c9      0x1ed Drivers/src/i2c.o
 .debug_macro   0x0000000000016bb6       0x1c Drivers/src/i2c.o
 .debug_macro   0x0000000000016bd2      0x757 Drivers/src/i2c.o
 .debug_macro   0x0000000000017329       0xac Drivers/src/i2c.o
 .debug_macro   0x00000000000173d5      0x287 Drivers/src/i2c.o
 .debug_macro   0x000000000001765c      0x233 Drivers/src/i2c.o
 .debug_macro   0x000000000001788f      0x1c3 Drivers/src/i2c.o
 .debug_macro   0x0000000000017a52      0x2f7 Drivers/src/i2c.o
 .debug_macro   0x0000000000017d49       0x89 Drivers/src/i2c.o
 .debug_macro   0x0000000000017dd2      0x281 Drivers/src/i2c.o
 .debug_macro   0x0000000000018053      0x470 Drivers/src/i2c.o
 .debug_macro   0x00000000000184c3      0x1a6 Drivers/src/i2c.o
 .debug_macro   0x0000000000018669       0xc3 Drivers/src/i2c.o
 .debug_macro   0x000000000001872c      0x120 Drivers/src/i2c.o
 .debug_macro   0x000000000001884c       0x16 Drivers/src/i2c.o
 .debug_macro   0x0000000000018862       0x16 Drivers/src/i2c.o
 .debug_macro   0x0000000000018878       0x16 Drivers/src/i2c.o
 .debug_macro   0x000000000001888e       0x29 Drivers/src/i2c.o
 .debug_macro   0x00000000000188b7       0x10 Drivers/src/i2c.o
 .debug_macro   0x00000000000188c7      0x1c8 Drivers/src/memory.o
 .debug_macro   0x0000000000018a8f       0x97 Drivers/src/memory.o
 .debug_macro   0x0000000000018b26       0xfd Drivers/src/memory.o
 .debug_macro   0x0000000000018c23      0x505 Drivers/src/spi.o
 .debug_macro   0x0000000000019128       0x1c Drivers/src/spi.o
 .debug_macro   0x0000000000019144      0x505 Drivers/src/uart.o
 .debug_macro   0x0000000000019649       0x3a Drivers/src/uart.o
 .debug_macro   0x0000000000019683      0x413 HAL_Driver/Src/stm32l1xx_hal_cortex.o
 .debug_macro   0x0000000000019a96      0x44c HAL_Driver/Src/stm32l1xx_hal_gpio.o
 .debug_macro   0x0000000000019ee2      0x461 HAL_Driver/Src/stm32l1xx_hal_i2c.o
 .debug_macro   0x000000000001a343      0x44f HAL_Driver/Src/stm32l1xx_hal_rcc.o
 .debug_macro   0x000000000001a792      0x419 HAL_Driver/Src/stm32l1xx_hal_spi.o
 .debug_macro   0x000000000001abab      0x413 HAL_Driver/Src/stm32l1xx_hal_spi_ex.o
 .debug_macro   0x000000000001afbe      0x414 HAL_Driver/Src/stm32l1xx_hal_uart.o
 .debug_macro   0x000000000001b3d2      0x18b Third_party/FreeRTOS/org/Source/list.o
 .debug_macro   0x000000000001b55d      0x26c Third_party/FreeRTOS/org/Source/tasks.o
 .debug_macro   0x000000000001b7c9       0x17 Third_party/FreeRTOS/org/Source/tasks.o
 .debug_macro   0x000000000001b7e0      0x177 Third_party/FreeRTOS/org/Source/portable/GCC/ARM_CM3/port.o
 .debug_macro   0x000000000001b957      0x1a6 Third_party/FreeRTOS/org/Source/portable/MemMang/heap_4.o
 .debug_macro   0x000000000001bafd      0x524 src/main.o
 .debug_macro   0x000000000001c021       0x16 src/main.o
 .debug_macro   0x000000000001c037       0x22 src/main.o
 .debug_macro   0x000000000001c059       0xac src/main.o
 .debug_macro   0x000000000001c105      0x419 src/system_stm32l1xx.o

.debug_line     0x0000000000000000     0xdad3
 .debug_line    0x0000000000000000      0xd57 Drivers/src/i2c.o
 .debug_line    0x0000000000000d57      0x4a8 Drivers/src/memory.o
 .debug_line    0x00000000000011ff      0xd79 Drivers/src/spi.o
 .debug_line    0x0000000000001f78      0xdcf Drivers/src/uart.o
 .debug_line    0x0000000000002d47      0xd3c HAL_Driver/Src/stm32l1xx_hal_cortex.o
 .debug_line    0x0000000000003a83      0xbda HAL_Driver/Src/stm32l1xx_hal_gpio.o
 .debug_line    0x000000000000465d     0x1a09 HAL_Driver/Src/stm32l1xx_hal_i2c.o
 .debug_line    0x0000000000006066     0x1225 HAL_Driver/Src/stm32l1xx_hal_rcc.o
 .debug_line    0x000000000000728b     0x1229 HAL_Driver/Src/stm32l1xx_hal_spi.o
 .debug_line    0x00000000000084b4      0xa4b HAL_Driver/Src/stm32l1xx_hal_spi_ex.o
 .debug_line    0x0000000000008eff     0x108d HAL_Driver/Src/stm32l1xx_hal_uart.o
 .debug_line    0x0000000000009f8c      0x5ae Third_party/FreeRTOS/org/Source/list.o
 .debug_line    0x000000000000a53a     0x1024 Third_party/FreeRTOS/org/Source/tasks.o
 .debug_line    0x000000000000b55e      0x630 Third_party/FreeRTOS/org/Source/portable/GCC/ARM_CM3/port.o
 .debug_line    0x000000000000bb8e      0x670 Third_party/FreeRTOS/org/Source/portable/MemMang/heap_4.o
 .debug_line    0x000000000000c1fe      0xe01 src/main.o
 .debug_line    0x000000000000cfff      0xa57 src/system_stm32l1xx.o
 .debug_line    0x000000000000da56       0x7d startup/startup_stm32l152xe.o

.debug_str      0x0000000000000000    0xb1475
 .debug_str     0x0000000000000000    0xac038 Drivers/src/i2c.o
                                      0xac3ad (size before relaxing)
 .debug_str     0x00000000000ac038       0x40 Drivers/src/memory.o
                                       0x7d4d (size before relaxing)
 .debug_str     0x00000000000ac078      0x5f3 Drivers/src/spi.o
                                      0xac67e (size before relaxing)
 .debug_str     0x00000000000ac66b      0x359 Drivers/src/uart.o
                                      0xac732 (size before relaxing)
 .debug_str     0x00000000000ac9c4      0x424 HAL_Driver/Src/stm32l1xx_hal_cortex.o
                                      0xa6a5a (size before relaxing)
 .debug_str     0x00000000000acde8      0x230 HAL_Driver/Src/stm32l1xx_hal_gpio.o
                                      0xa64dd (size before relaxing)
 .debug_str     0x00000000000ad018      0xa48 HAL_Driver/Src/stm32l1xx_hal_i2c.o
                                      0xa70c0 (size before relaxing)
 .debug_str     0x00000000000ada60      0x536 HAL_Driver/Src/stm32l1xx_hal_rcc.o
                                      0xa6839 (size before relaxing)
 .debug_str     0x00000000000adf96      0x38b HAL_Driver/Src/stm32l1xx_hal_spi.o
                                      0xa6952 (size before relaxing)
 .debug_str     0x00000000000ae321       0x29 HAL_Driver/Src/stm32l1xx_hal_spi_ex.o
                                      0xa65b7 (size before relaxing)
 .debug_str     0x00000000000ae34a      0x374 HAL_Driver/Src/stm32l1xx_hal_uart.o
                                      0xa6929 (size before relaxing)
 .debug_str     0x00000000000ae6be      0x189 Third_party/FreeRTOS/org/Source/list.o
                                       0xaa47 (size before relaxing)
 .debug_str     0x00000000000ae847     0x1d91 Third_party/FreeRTOS/org/Source/tasks.o
                                       0xda8d (size before relaxing)
 .debug_str     0x00000000000b05d8      0x6ec Third_party/FreeRTOS/org/Source/portable/GCC/ARM_CM3/port.o
                                       0x968b (size before relaxing)
 .debug_str     0x00000000000b0cc4      0x325 Third_party/FreeRTOS/org/Source/portable/MemMang/heap_4.o
                                       0xbea2 (size before relaxing)
 .debug_str     0x00000000000b0fe9      0x3eb src/main.o
                                      0xacd46 (size before relaxing)
 .debug_str     0x00000000000b13d4       0x72 src/system_stm32l1xx.o
                                      0xa62c6 (size before relaxing)
 .debug_str     0x00000000000b1446       0x2f startup/startup_stm32l152xe.o
                                         0x6d (size before relaxing)

.comment        0x0000000000000000       0x7f
 .comment       0x0000000000000000       0x7f Drivers/src/i2c.o
                                         0x80 (size before relaxing)
 .comment       0x000000000000007f       0x80 Drivers/src/memory.o
 .comment       0x000000000000007f       0x80 Drivers/src/spi.o
 .comment       0x000000000000007f       0x80 Drivers/src/uart.o
 .comment       0x000000000000007f       0x80 HAL_Driver/Src/stm32l1xx_hal_cortex.o
 .comment       0x000000000000007f       0x80 HAL_Driver/Src/stm32l1xx_hal_gpio.o
 .comment       0x000000000000007f       0x80 HAL_Driver/Src/stm32l1xx_hal_i2c.o
 .comment       0x000000000000007f       0x80 HAL_Driver/Src/stm32l1xx_hal_rcc.o
 .comment       0x000000000000007f       0x80 HAL_Driver/Src/stm32l1xx_hal_spi.o
 .comment       0x000000000000007f       0x80 HAL_Driver/Src/stm32l1xx_hal_spi_ex.o
 .comment       0x000000000000007f       0x80 HAL_Driver/Src/stm32l1xx_hal_uart.o
 .comment       0x000000000000007f       0x80 Third_party/FreeRTOS/org/Source/list.o
 .comment       0x000000000000007f       0x80 Third_party/FreeRTOS/org/Source/tasks.o
 .comment       0x000000000000007f       0x80 Third_party/FreeRTOS/org/Source/portable/GCC/ARM_CM3/port.o
 .comment       0x000000000000007f       0x80 Third_party/FreeRTOS/org/Source/portable/MemMang/heap_4.o
 .comment       0x000000000000007f       0x80 src/main.o
 .comment       0x000000000000007f       0x80 src/system_stm32l1xx.o

.debug_frame    0x0000000000000000     0x342c
 .debug_frame   0x0000000000000000       0xe0 Drivers/src/i2c.o
 .debug_frame   0x00000000000000e0       0x88 Drivers/src/memory.o
 .debug_frame   0x0000000000000168      0x108 Drivers/src/spi.o
 .debug_frame   0x0000000000000270      0x174 Drivers/src/uart.o
 .debug_frame   0x00000000000003e4      0x498 HAL_Driver/Src/stm32l1xx_hal_cortex.o
 .debug_frame   0x000000000000087c      0x14c HAL_Driver/Src/stm32l1xx_hal_gpio.o
 .debug_frame   0x00000000000009c8      0xb34 HAL_Driver/Src/stm32l1xx_hal_i2c.o
 .debug_frame   0x00000000000014fc      0x240 HAL_Driver/Src/stm32l1xx_hal_rcc.o
 .debug_frame   0x000000000000173c      0x5d8 HAL_Driver/Src/stm32l1xx_hal_spi.o
 .debug_frame   0x0000000000001d14       0x34 HAL_Driver/Src/stm32l1xx_hal_spi_ex.o
 .debug_frame   0x0000000000001d48      0x5e0 HAL_Driver/Src/stm32l1xx_hal_uart.o
 .debug_frame   0x0000000000002328       0xd8 Third_party/FreeRTOS/org/Source/list.o
 .debug_frame   0x0000000000002400      0x8d0 Third_party/FreeRTOS/org/Source/tasks.o
 .debug_frame   0x0000000000002cd0      0x184 Third_party/FreeRTOS/org/Source/portable/GCC/ARM_CM3/port.o
 .debug_frame   0x0000000000002e54      0x12c Third_party/FreeRTOS/org/Source/portable/MemMang/heap_4.o
 .debug_frame   0x0000000000002f80      0x130 src/main.o
 .debug_frame   0x00000000000030b0       0x58 src/system_stm32l1xx.o
 .debug_frame   0x0000000000003108       0x2c /home/silvere/Ac6/SystemWorkbench/plugins/fr.ac6.mcu.externaltools.arm-none.linux64_1.17.0.201812190825/tools/compiler/bin/../lib/gcc/arm-none-eabi/7.3.1/../../../../arm-none-eabi/lib/thumb/v7-m/libc.a(lib_a-init.o)
 .debug_frame   0x0000000000003134       0x38 /home/silvere/Ac6/SystemWorkbench/plugins/fr.ac6.mcu.externaltools.arm-none.linux64_1.17.0.201812190825/tools/compiler/bin/../lib/gcc/arm-none-eabi/7.3.1/../../../../arm-none-eabi/lib/thumb/v7-m/libc.a(lib_a-memset.o)
 .debug_frame   0x000000000000316c       0x38 /home/silvere/Ac6/SystemWorkbench/plugins/fr.ac6.mcu.externaltools.arm-none.linux64_1.17.0.201812190825/tools/compiler/bin/../lib/gcc/arm-none-eabi/7.3.1/../../../../arm-none-eabi/lib/thumb/v7-m/libc.a(lib_a-strncasecmp.o)
 .debug_frame   0x00000000000031a4       0x5c /home/silvere/Ac6/SystemWorkbench/plugins/fr.ac6.mcu.externaltools.arm-none.linux64_1.17.0.201812190825/tools/compiler/bin/../lib/gcc/arm-none-eabi/7.3.1/../../../../arm-none-eabi/lib/thumb/v7-m/libc.a(lib_a-__call_atexit.o)
 .debug_frame   0x0000000000003200       0x20 /home/silvere/Ac6/SystemWorkbench/plugins/fr.ac6.mcu.externaltools.arm-none.linux64_1.17.0.201812190825/tools/compiler/bin/../lib/gcc/arm-none-eabi/7.3.1/../../../../arm-none-eabi/lib/thumb/v7-m/libc.a(lib_a-atexit.o)
 .debug_frame   0x0000000000003220       0x34 /home/silvere/Ac6/SystemWorkbench/plugins/fr.ac6.mcu.externaltools.arm-none.linux64_1.17.0.201812190825/tools/compiler/bin/../lib/gcc/arm-none-eabi/7.3.1/../../../../arm-none-eabi/lib/thumb/v7-m/libc.a(lib_a-fini.o)
 .debug_frame   0x0000000000003254       0x6c /home/silvere/Ac6/SystemWorkbench/plugins/fr.ac6.mcu.externaltools.arm-none.linux64_1.17.0.201812190825/tools/compiler/bin/../lib/gcc/arm-none-eabi/7.3.1/../../../../arm-none-eabi/lib/thumb/v7-m/libc.a(lib_a-locale.o)
 .debug_frame   0x00000000000032c0       0xb0 /home/silvere/Ac6/SystemWorkbench/plugins/fr.ac6.mcu.externaltools.arm-none.linux64_1.17.0.201812190825/tools/compiler/bin/../lib/gcc/arm-none-eabi/7.3.1/../../../../arm-none-eabi/lib/thumb/v7-m/libc.a(lib_a-lock.o)
 .debug_frame   0x0000000000003370       0x4c /home/silvere/Ac6/SystemWorkbench/plugins/fr.ac6.mcu.externaltools.arm-none.linux64_1.17.0.201812190825/tools/compiler/bin/../lib/gcc/arm-none-eabi/7.3.1/../../../../arm-none-eabi/lib/thumb/v7-m/libc.a(lib_a-mbtowc_r.o)
 .debug_frame   0x00000000000033bc       0x3c /home/silvere/Ac6/SystemWorkbench/plugins/fr.ac6.mcu.externaltools.arm-none.linux64_1.17.0.201812190825/tools/compiler/bin/../lib/gcc/arm-none-eabi/7.3.1/../../../../arm-none-eabi/lib/thumb/v7-m/libc.a(lib_a-wctomb_r.o)
 .debug_frame   0x00000000000033f8       0x34 /home/silvere/Ac6/SystemWorkbench/plugins/fr.ac6.mcu.externaltools.arm-none.linux64_1.17.0.201812190825/tools/compiler/bin/../lib/gcc/arm-none-eabi/7.3.1/../../../../arm-none-eabi/lib/thumb/v7-m/libc.a(lib_a-__atexit.o)
